[backblue.gif]
[fade.gif]
[index.html]
[blackhalo.info/feed/index.html]
[blackhalo.info/comments/feed/index.html]
[blackhalo.info/front-page/feed/index.html]
[blackhalo.info/xmlrpc0db0.php]
[blackhalo.info/wp-includes/wlwmanifest.xml]
[davtonia.com/blackhalo/wp-content/uploads/2014/06/BlackHalo2.small_.png]
[www.davtonia.com/blackhalo/Images/BlackHalo3.jpg]
[davtonia.com/blackhalo/wp-content/uploads/2014/06/Showcase.jpg]
[www.davtonia.com/blackhalo/images/BlackHalo2.jpg]
[www.davtonia.com/blackhalo/images/BlackHalo.jpg]
[www.google-analytics.com/analytics.js]
[blackhalo.info/index.html]
[blackhalo.info/xmlrpc.php]
[blackhalo.info/wp-content/themes/brooklyn/css/fonts/flexslider-icon.eot]
[blackhalo.info/wp-content/themes/brooklyn/css/fonts/flexslider-icond41d.eot]
[blackhalo.info/wp-content/themes/brooklyn/css/fonts/flexslider-icon.ttf]
[blackhalo.info/wp-content/themes/brooklyn/css/flexslider669d.css]
[blackhalo.info/wp-content/themes/brooklyn/images/dark-arrows.png]
[blackhalo.info/wp-content/themes/brooklyn/images/light-arrows.png]
[blackhalo.info/wp-content/themes/brooklyn/css/ut.portfolio.style669d.css]
[blackhalo.info/wp-content/plugins/ut-portfolio/assets/images/prettyPhoto/default/sprite.png]
[blackhalo.info/wp-content/plugins/ut-portfolio/assets/images/prettyPhoto/default/sprite_x.png]
[blackhalo.info/wp-content/plugins/ut-portfolio/assets/images/prettyPhoto/default/sprite_y.png]
[blackhalo.info/wp-content/plugins/ut-portfolio/assets/images/prettyPhoto/default/sprite_next.png]
[blackhalo.info/wp-content/plugins/ut-portfolio/assets/images/prettyPhoto/default/sprite_prev.png]
[blackhalo.info/wp-content/plugins/ut-portfolio/assets/images/prettyPhoto/default/default_thumb.png]
[blackhalo.info/wp-content/plugins/ut-portfolio/assets/images/prettyPhoto/default/loader.gif]
[blackhalo.info/wp-content/plugins/ut-portfolio/assets/images/prettyPhoto/light_rounded/sprite.png]
[blackhalo.info/wp-content/plugins/ut-portfolio/assets/images/prettyPhoto/light_rounded/btnNext.png]
[blackhalo.info/wp-content/plugins/ut-portfolio/assets/images/prettyPhoto/light_rounded/btnPrevious.png]
[blackhalo.info/wp-content/plugins/ut-portfolio/assets/images/prettyPhoto/dark_rounded/sprite.png]
[blackhalo.info/wp-content/plugins/ut-portfolio/assets/images/prettyPhoto/dark_rounded/contentPattern.png]
[blackhalo.info/wp-content/plugins/ut-portfolio/assets/images/prettyPhoto/dark_rounded/btnNext.png]
[blackhalo.info/wp-content/plugins/ut-portfolio/assets/images/prettyPhoto/dark_rounded/btnPrevious.png]
[blackhalo.info/wp-content/plugins/ut-portfolio/assets/images/prettyPhoto/dark_rounded/loader.gif]
[blackhalo.info/wp-content/plugins/ut-portfolio/assets/images/prettyPhoto/dark_square/loader.gif]
[blackhalo.info/wp-content/plugins/ut-portfolio/assets/images/prettyPhoto/dark_square/sprite.png]
[blackhalo.info/wp-content/plugins/ut-portfolio/assets/images/prettyPhoto/dark_square/btnNext.png]
[blackhalo.info/wp-content/plugins/ut-portfolio/assets/images/prettyPhoto/dark_square/btnPrevious.png]
[blackhalo.info/wp-content/plugins/ut-portfolio/assets/images/prettyPhoto/light_square/sprite.png]
[blackhalo.info/wp-content/plugins/ut-portfolio/assets/images/prettyPhoto/light_square/btnNext.png]
[blackhalo.info/wp-content/plugins/ut-portfolio/assets/images/prettyPhoto/light_square/btnPrevious.png]
[blackhalo.info/wp-content/plugins/ut-portfolio/assets/images/prettyPhoto/facebook/sprite.png]
[blackhalo.info/wp-content/plugins/ut-portfolio/assets/images/prettyPhoto/facebook/contentPatternTop.png]
[blackhalo.info/wp-content/plugins/ut-portfolio/assets/images/prettyPhoto/facebook/contentPatternLeft.png]
[blackhalo.info/wp-content/plugins/ut-portfolio/assets/images/prettyPhoto/facebook/contentPatternRight.png]
[blackhalo.info/wp-content/plugins/ut-portfolio/assets/images/prettyPhoto/facebook/loader.gif]
[blackhalo.info/wp-content/plugins/ut-portfolio/assets/images/prettyPhoto/facebook/btnNext.png]
[blackhalo.info/wp-content/plugins/ut-portfolio/assets/images/prettyPhoto/facebook/btnPrevious.png]
[blackhalo.info/wp-content/plugins/ut-portfolio/assets/images/prettyPhoto/facebook/contentPatternBottom.png]
[blackhalo.info/wp-content/plugins/ut-portfolio/assets/images/prettyPhoto/facebook/default_thumbnail.gif]
[blackhalo.info/wp-content/plugins/ut-portfolio/assets/images/prettyPhoto/light_rounded/loader.gif]
[blackhalo.info/wp-content/plugins/ut-portfolio/assets/css/plugins/prettyphoto/prettyPhoto669d.css]
[blackhalo.info/wp-content/plugins/ut-pricing/assets/css/fonts/fontawesome-webfonte0a5.eot]
[blackhalo.info/wp-content/plugins/ut-pricing/assets/css/fonts/fontawesome-webfontd41d.eot]
[blackhalo.info/wp-content/plugins/ut-pricing/assets/css/fonts/fontawesome-webfonte0a5.ttf]
[blackhalo.info/wp-content/plugins/ut-pricing/assets/css/fonts/fontawesome-webfonte0a5.svg]
[blackhalo.info/wp-content/plugins/ut-pricing/assets/css/font-awesome669d.css]
[blackhalo.info/wp-content/plugins/ut-pricing/assets/css/ut-responsive-grid669d.css]
[blackhalo.info/wp-content/themes/brooklyn/images/ut-misc-bg.jpg]
[blackhalo.info/wp-content/themes/brooklyn/css/ut.table.style669d.css]
[blackhalo.info/wp-content/plugins/ut-shortcodes/css/ut.animate669d.css]
[blackhalo.info/wp-content/themes/brooklyn/images/loader.gif]
[blackhalo.info/wp-content/themes/brooklyn/css/ut.elastislide669d.css]
[blackhalo.info/wp-content/plugins/ut-shortcodes/css/ut.fancyrotator669d.css]
[blackhalo.info/wp-content/themes/brooklyn/css/ut.shortcode669d.css]
[blackhalo.info/wp-content/plugins/ut-twitter/css/ut.twitter669d.css]
[blackhalo.info/wp-content/plugins/revslider/rs-plugin/font/revicons90c6.eot]
[blackhalo.info/wp-content/plugins/revslider/rs-plugin/font/revicons90c6.ttf]
[blackhalo.info/wp-content/plugins/revslider/rs-plugin/font/revicons90c6.svg]
[blackhalo.info/wp-content/plugins/revslider/rs-plugin/assets/gridtile.png]
[blackhalo.info/wp-content/plugins/revslider/rs-plugin/assets/gridtile_white.png]
[blackhalo.info/wp-content/plugins/revslider/rs-plugin/assets/gridtile_3x3.png]
[blackhalo.info/wp-content/plugins/revslider/rs-plugin/assets/gridtile_3x3_white.png]
[blackhalo.info/wp-content/plugins/revslider/rs-plugin/assets/shadow1.png]
[blackhalo.info/wp-content/plugins/revslider/rs-plugin/assets/shadow2.png]
[blackhalo.info/wp-content/plugins/revslider/rs-plugin/assets/shadow3.png]
[blackhalo.info/wp-content/plugins/revslider/rs-plugin/images/gradient/g30.png]
[blackhalo.info/wp-content/plugins/revslider/rs-plugin/images/gradient/g40.png]
[blackhalo.info/wp-content/plugins/revslider/rs-plugin/assets/boxed_bgtile.png]
[blackhalo.info/wp-content/plugins/revslider/rs-plugin/assets/navigdots_bgtile.png]
[blackhalo.info/wp-content/plugins/revslider/rs-plugin/assets/bullet.png]
[blackhalo.info/wp-content/plugins/revslider/rs-plugin/assets/bullets.png]
[blackhalo.info/wp-content/plugins/revslider/rs-plugin/assets/bullets2.png]
[blackhalo.info/wp-content/plugins/revslider/rs-plugin/assets/bullet_boxed.png]
[blackhalo.info/wp-content/plugins/revslider/rs-plugin/assets/navigdots.png]
[blackhalo.info/wp-content/plugins/revslider/rs-plugin/assets/large_left.png]
[blackhalo.info/wp-content/plugins/revslider/rs-plugin/assets/large_right.png]
[blackhalo.info/wp-content/plugins/revslider/rs-plugin/assets/small_left.png]
[blackhalo.info/wp-content/plugins/revslider/rs-plugin/assets/small_right.png]
[blackhalo.info/wp-content/plugins/revslider/rs-plugin/assets/arrow_left.png]
[blackhalo.info/wp-content/plugins/revslider/rs-plugin/assets/arrow_right.png]
[blackhalo.info/wp-content/plugins/revslider/rs-plugin/assets/small_left_boxed.png]
[blackhalo.info/wp-content/plugins/revslider/rs-plugin/assets/small_right_boxed.png]
[blackhalo.info/wp-content/plugins/revslider/rs-plugin/assets/arrowleft.png]
[blackhalo.info/wp-content/plugins/revslider/rs-plugin/assets/arrowright.png]
[blackhalo.info/wp-content/plugins/revslider/rs-plugin/assets/arrow_left2.png]
[blackhalo.info/wp-content/plugins/revslider/rs-plugin/assets/arrow_right2.png]
[blackhalo.info/wp-content/plugins/revslider/rs-plugin/assets/coloredbg.png]
[blackhalo.info/wp-content/plugins/revslider/rs-plugin/assets/loader.gif]
[blackhalo.info/wp-content/plugins/revslider/rs-plugin/css/settings9cbc.css]
[blackhalo.info/wp-content/themes/brooklyn/css/fonts/raleway-extralight-webfont.eot]
[blackhalo.info/wp-content/themes/brooklyn/css/fonts/raleway-extralight-webfontd41d.eot]
[blackhalo.info/wp-content/themes/brooklyn/css/fonts/raleway-extralight-webfont.ttf]
[blackhalo.info/wp-content/themes/brooklyn/css/fonts/raleway-light-webfont.eot]
[blackhalo.info/wp-content/themes/brooklyn/css/fonts/raleway-light-webfontd41d.eot]
[blackhalo.info/wp-content/themes/brooklyn/css/fonts/raleway-light-webfont.ttf]
[blackhalo.info/wp-content/themes/brooklyn/css/fonts/raleway-regular-webfont.eot]
[blackhalo.info/wp-content/themes/brooklyn/css/fonts/raleway-regular-webfont.ttf]
[blackhalo.info/wp-content/themes/brooklyn/css/fonts/raleway-regular-webfontd41d.eot]
[blackhalo.info/wp-content/themes/brooklyn/css/fonts/raleway-medium-webfont.eot]
[blackhalo.info/wp-content/themes/brooklyn/css/fonts/raleway-medium-webfontd41d.eot]
[blackhalo.info/wp-content/themes/brooklyn/css/fonts/raleway-medium-webfont.ttf]
[blackhalo.info/wp-content/themes/brooklyn/css/fonts/raleway-semibold-webfont.eot]
[blackhalo.info/wp-content/themes/brooklyn/css/fonts/raleway-semibold-webfontd41d.eot]
[blackhalo.info/wp-content/themes/brooklyn/css/fonts/raleway-semibold-webfont.ttf]
[blackhalo.info/wp-content/themes/brooklyn/css/fonts/raleway-bold-webfont.eot]
[blackhalo.info/wp-content/themes/brooklyn/css/fonts/raleway-bold-webfontd41d.eot]
[blackhalo.info/wp-content/themes/brooklyn/css/fonts/raleway-bold-webfont.ttf]
[blackhalo.info/wp-content/themes/brooklyn/css/ut-fontface669d.css]
[blackhalo.info/wp-content/themes/brooklyn/css/ut-superfish669d.css]
[blackhalo.info/wp-content/themes/brooklyn/images/divider.png]
[blackhalo.info/wp-content/themes/brooklyn/images/overlay-pattern.png]
[blackhalo.info/wp-content/themes/brooklyn/images/loaders/ajax-loader.gif]
[blackhalo.info/wp-content/themes/brooklyn/images/ut-unmute.png]
[blackhalo.info/wp-content/themes/brooklyn/images/ut-mute.png]
[blackhalo.info/wp-content/themes/brooklyn/styled2b8.css]
[blackhalo.info/wp-includes/js/jquery/jquery4a80.js]
[blackhalo.info/wp-includes/js/jquery/jquery-migrate.min1576.js]
[blackhalo.info/wp-content/plugins/revslider/rs-plugin/js/jquery.themepunch.tools.min9cbc.js]
[blackhalo.info/wp-content/plugins/revslider/rs-plugin/js/jquery.themepunch.revolution.min9cbc.js]
[blackhalo.info/wp-content/plugins/ut-portfolio/assets/js/jquery.isotope.min4b1d.js]
[blackhalo.info/wp-content/plugins/ut-portfolio/assets/js/jquery.lazy.load3109.js]
[blackhalo.info/wp-content/plugins/ut-shortcodes/js/plugins/modernizr/modernizr.min61da.js]
[blackhalo.info/wp-content/plugins/ut-shortcodes/js/plugins/flexslider/jquery.flexslider-min669d.js]
[blackhalo.info/wp-content/plugins/ut-shortcodes/js/plugins/elastislider/jquery.elastislide669d.js]
[blackhalo.info/wp-content/themes/brooklyn/js/jquery.queryloader2.minfc99.js]
[www.greengeeks.com/greentags/greengeeks_hosted_seal.html]
[blackhalo.info/wp-content/plugins/ut-portfolio/assets/js/plugins/prettyphoto/jquery.prettyPhoto.minc6bd.js]
[blackhalo.info/wp-content/plugins/ut-portfolio/assets/js/jquery.scrollTo.min5f04.js]
[blackhalo.info/wp-content/plugins/ut-shortcodes/js/tabs.collapse.min5152.js]
[blackhalo.info/wp-content/plugins/ut-shortcodes/js/jquery.visible.min5152.js]
[blackhalo.info/wp-content/plugins/ut-shortcodes/js/jquery.appear5152.js]
[blackhalo.info/wp-content/plugins/ut-shortcodes/js/jquery.fitvids4bf4.js]
[blackhalo.info/wp-content/plugins/ut-shortcodes/js/ut.scplugin5152.js]
[blackhalo.info/wp-content/themes/brooklyn/js/toucheffects.min5152.js]
[blackhalo.info/wp-content/themes/brooklyn/js/jquery.easing.min4e44.js]
[blackhalo.info/wp-content/themes/brooklyn/js/superfish.minb34d.js]
[blackhalo.info/wp-content/themes/brooklyn/js/retina.min4963.js]
[blackhalo.info/wp-content/themes/brooklyn/js/jquery.mb.YTPlayer.min5152.js]
[blackhalo.info/wp-content/themes/brooklyn/js/ut-videoplayer5152.js]
[blackhalo.info/wp-content/themes/brooklyn/js/jquery.parallax.minc358.js]
[blackhalo.info/wp-content/themes/brooklyn/js/jquery.waypoints.min4c56.js]
[blackhalo.info/wp-content/themes/brooklyn/js/ut-initd2b8.js]
[blackhalo.info/wp-content/themes/brooklyn/css/fonts/flexslider-icon.html]
[blackhalo.info/wp-content/themes/brooklyn/css/fonts/flexslider-icon.svg]
[blackhalo.info/wp-content/plugins/ut-pricing/assets/css/fonts/fontawesome-webfonte0a5.html]
[blackhalo.info/wp-content/plugins/ut-pricing/assets/css/fonts/fontawesome-webfonte0a5-2.html]
[blackhalo.info/wp-content/plugins/revslider/rs-plugin/font/revicons90c6.html]
[blackhalo.info/wp-content/themes/brooklyn/css/fonts/raleway-extralight-webfont.html]
[blackhalo.info/wp-content/themes/brooklyn/css/fonts/raleway-extralight-webfont.svg]
[blackhalo.info/wp-content/themes/brooklyn/css/fonts/raleway-light-webfont.html]
[blackhalo.info/wp-content/themes/brooklyn/css/fonts/raleway-light-webfont.svg]
[blackhalo.info/wp-content/themes/brooklyn/css/fonts/raleway-regular-webfont.html]
[blackhalo.info/wp-content/themes/brooklyn/css/fonts/raleway-regular-webfont.svg]
[blackhalo.info/wp-content/themes/brooklyn/css/fonts/raleway-medium-webfont.html]
[blackhalo.info/wp-content/themes/brooklyn/css/fonts/raleway-medium-webfont.svg]
[blackhalo.info/wp-content/themes/brooklyn/css/fonts/raleway-semibold-webfont.html]
[blackhalo.info/wp-content/themes/brooklyn/css/fonts/raleway-semibold-webfont.svg]
[blackhalo.info/wp-content/themes/brooklyn/css/fonts/raleway-bold-webfont.html]
[blackhalo.info/wp-content/themes/brooklyn/css/fonts/raleway-bold-webfont.svg]
[blackhalo.info/TweenLite.html]
[blackhalo.info/Version/index.html]
[blackhalo.info/youtu.be/index.html]
[blackhalo.info/HEAD.html]
